
[1m[46m RUN [49m[22m [36mv4.0.17 [39m[90mC:/Users/Taib/Desktop/Projects/PhotoLib_MoodBoarad_Quotation/quotation[39m

node.exe : 
[90mstderr[2m | src
/pages/QuotationList.
test.jsx[2m > [22m
[2mQuotationList - 
Verify Existing 
Functionality 
Preserved[2m > 
[22m[2mTable 
Columns Display[2m 
> [22m[2mshould 
display all required 
table columns
At line:1 char:1
+ & "C:\Program Files
\nodejs/node.exe" 
"C:\Program 
Files\nodejs/node_mo 
...
+ ~~~~~~~~~~~~~~~~~~~
~~~~~~~~~~~~~~~~~~~~~
~~~~~~~~~~~~~~~~~~~~~
~~~~~~~~
    + CategoryInfo   
           : NotSpe  
  cified: ([90mst   
 derr[2m...d tab    
le columns:Strin    
g) [], RemoteExc    
eption
    + FullyQualified 
   ErrorId : Native  
  CommandError
 
[22m[39mΓÜá∩╕Å 
React Router Future 
Flag Warning: React 
Router will begin 
wrapping state 
updates in `React.sta
rtTransition` in v7. 
You can use the 
`v7_startTransition` 
future flag to 
opt-in early. For 
more information, 
see https://reactrout
er.com/v6/upgrading/f
uture#v7_starttransit
ion.
ΓÜá∩╕Å React Router 
Future Flag Warning: 
Relative route 
resolution within 
Splat routes is 
changing in v7. You 
can use the `v7_relat
iveSplatPath` future 
flag to opt-in 
early. For more 
information, see http
s://reactrouter.com/v
6/upgrading/future#v7
_relativesplatpath.

[90mstderr[2m | src
/pages/QuotationList.
test.jsx[2m > [22m
[2mQuotationList 
Copy 
Functionality[2m > 
[22m[2mshould show 
loading state during 
copy operation
[22m[39mError 
copying quotation: 
Error: Test error to 
check loading state
    at C:/Users/Taib/
Desktop/Projects/Phot
oLib_MoodBoarad_Quota
tion/quotation/src/pa
ges/QuotationList.tes
t.jsx:621:13
    at Mock [90m(fil
e:///C:/Users/Taib/De
sktop/Projects/PhotoL
ib_MoodBoarad_Quotati
on/quotation/[39mnod
e_modules/[4m@vitest
/spy[24m/dist/index.
js:285:34[90m)[39m
    at 
handleCopyToBuilder (
C:/Users/Taib/Desktop
/Projects/PhotoLib_Mo
odBoarad_Quotation/qu
otation/src/pages/Quo
tationList.jsx:177:26
)
    at onClick (C:/Us
ers/Taib/Desktop/Proj
ects/PhotoLib_MoodBoa
rad_Quotation/quotati
on/src/pages/Quotatio
nList.jsx:399:36)
    at HTMLUnknownEle
ment.callCallback [9
0m(C:\Users\Taib\Desk
top\Projects\PhotoLib
_MoodBoarad_Quotation
\quotation\[39mnode_
modules\[4mreact-dom
[24m\cjs\react-dom.d
evelopment.js:4164:14
[90m)[39m
    at HTMLUnknownEle
ment.callTheUserObjec
tsOperation [90m(C:\
Users\Taib\Desktop\Pr
ojects\PhotoLib_MoodB
oarad_Quotation\quota
tion\[39mnode_module
s\[4mjsdom[24m\lib\
jsdom\living\generate
d\EventListener.js:26
:30[90m)[39m
    at innerInvokeEve
ntListeners [90m(C:\
Users\Taib\Desktop\Pr
ojects\PhotoLib_MoodB
oarad_Quotation\quota
tion\[39mnode_module
s\[4mjsdom[24m\lib\
jsdom\living\events\E
ventTarget-impl.js:36
0:16[90m)[39m
    at 
invokeEventListeners 
[90m(C:\Users\Taib\D
esktop\Projects\Photo
Lib_MoodBoarad_Quotat
ion\quotation\[39mno
de_modules\[4mjsdom
[24m\lib\jsdom\living
\events\EventTarget-i
mpl.js:296:3[90m)[3
9m
    at HTMLUnknownEle
mentImpl._dispatch [
90m(C:\Users\Taib\Des
ktop\Projects\PhotoLi
b_MoodBoarad_Quotatio
n\quotation\[39mnode
_modules\[4mjsdom[2
4m\lib\jsdom\living\e
vents\EventTarget-imp
l.js:243:9[90m)[39m
    at HTMLUnknownEle
mentImpl.dispatchEven
t [90m(C:\Users\Taib
\Desktop\Projects\Pho
toLib_MoodBoarad_Quot
ation\quotation\[39m
node_modules\[4mjsdo
m[24m\lib\jsdom\livi
ng\events\EventTarget
-impl.js:114:17[90m)
[39m

[90mstderr[2m | src
/pages/QuotationList.
test.jsx[2m > [22m
[2mQuotationList 
Copy 
Functionality[2m > 
[22m[2mshould 
handle copy 
operation errors
[22m[39mError 
copying quotation: 
Error: Client name 
is required
    at C:/Users/Taib/
Desktop/Projects/Phot
oLib_MoodBoarad_Quota
tion/quotation/src/pa
ges/QuotationList.tes
t.jsx:650:13
    at Mock [90m(fil
e:///C:/Users/Taib/De
sktop/Projects/PhotoL
ib_MoodBoarad_Quotati
on/quotation/[39mnod
e_modules/[4m@vitest
/spy[24m/dist/index.
js:285:34[90m)[39m
    at 
handleCopyToBuilder (
C:/Users/Taib/Desktop
/Projects/PhotoLib_Mo
odBoarad_Quotation/qu
otation/src/pages/Quo
tationList.jsx:177:26
)
    at onClick (C:/Us
ers/Taib/Desktop/Proj
ects/PhotoLib_MoodBoa
rad_Quotation/quotati
on/src/pages/Quotatio
nList.jsx:399:36)
    at HTMLUnknownEle
ment.callCallback [9
0m(C:\Users\Taib\Desk
top\Projects\PhotoLib
_MoodBoarad_Quotation
\quotation\[39mnode_
modules\[4mreact-dom
[24m\cjs\react-dom.d
evelopment.js:4164:14
[90m)[39m
    at HTMLUnknownEle
ment.callTheUserObjec
tsOperation [90m(C:\
Users\Taib\Desktop\Pr
ojects\PhotoLib_MoodB
oarad_Quotation\quota
tion\[39mnode_module
s\[4mjsdom[24m\lib\
jsdom\living\generate
d\EventListener.js:26
:30[90m)[39m
    at innerInvokeEve
ntListeners [90m(C:\
Users\Taib\Desktop\Pr
ojects\PhotoLib_MoodB
oarad_Quotation\quota
tion\[39mnode_module
s\[4mjsdom[24m\lib\
jsdom\living\events\E
ventTarget-impl.js:36
0:16[90m)[39m
    at 
invokeEventListeners 
[90m(C:\Users\Taib\D
esktop\Projects\Photo
Lib_MoodBoarad_Quotat
ion\quotation\[39mno
de_modules\[4mjsdom
[24m\lib\jsdom\living
\events\EventTarget-i
mpl.js:296:3[90m)[3
9m
    at HTMLUnknownEle
mentImpl._dispatch [
90m(C:\Users\Taib\Des
ktop\Projects\PhotoLi
b_MoodBoarad_Quotatio
n\quotation\[39mnode
_modules\[4mjsdom[2
4m\lib\jsdom\living\e
vents\EventTarget-imp
l.js:243:9[90m)[39m
    at HTMLUnknownEle
mentImpl.dispatchEven
t [90m(C:\Users\Taib
\Desktop\Projects\Pho
toLib_MoodBoarad_Quot
ation\quotation\[39m
node_modules\[4mjsdo
m[24m\lib\jsdom\livi
ng\events\EventTarget
-impl.js:114:17[90m)
[39m

 [31mΓ¥»[39m src/pages/QuotationList.test.jsx [2m([22m[2m30 tests[22m[2m | [22m[31m2 failed[39m[2m)[22m[33m 3912[2mms[22m[39m
       [32mΓ£ô[39m should display all required table columns[32m 219[2mms[22m[39m
       [32mΓ£ô[39m should display quotation data in correct columns[32m 48[2mms[22m[39m
       [32mΓ£ô[39m should calculate and display "Today" for current date[32m 24[2mms[22m[39m
       [32mΓ£ô[39m should calculate and display "1 day ago" for yesterday[32m 31[2mms[22m[39m
       [32mΓ£ô[39m should calculate and display "X days ago" for older dates[32m 35[2mms[22m[39m
       [32mΓ£ô[39m should display "N/A" for missing date[32m 30[2mms[22m[39m
       [32mΓ£ô[39m should render View button for each quotation[32m 28[2mms[22m[39m
       [32mΓ£ô[39m should navigate to view page when View button is clicked[32m 47[2mms[22m[39m
       [32mΓ£ô[39m should render Print button for each quotation[32m 25[2mms[22m[39m
       [32mΓ£ô[39m should open new window with view URL when Print button is clicked[32m 37[2mms[22m[39m
       [32mΓ£ô[39m should render Copy to Builder button for each quotation[32m 30[2mms[22m[39m
       [32mΓ£ô[39m should handle copy operation when Copy button is clicked[32m 36[2mms[22m[39m
       [32mΓ£ô[39m should NOT show Load button in client mode[32m 32[2mms[22m[39m
       [32mΓ£ô[39m should show Load button in admin mode[32m 132[2mms[22m[39m
       [32mΓ£ô[39m should navigate to builder with load parameter when Load button is clicked[32m 125[2mms[22m[39m
       [32mΓ£ô[39m should NOT show Delete button in client mode[32m 130[2mms[22m[39m
       [32mΓ£ô[39m should show Delete button in admin mode[32m 132[2mms[22m[39m
       [32mΓ£ô[39m should delete quotation when Delete button is clicked and confirmed[32m 143[2mms[22m[39m
       [32mΓ£ô[39m should NOT delete quotation when Delete is cancelled[32m 149[2mms[22m[39m
       [32mΓ£ô[39m should display "Client Mode" when not in admin mode[32m 19[2mms[22m[39m
       [32mΓ£ô[39m should display "Admin Mode" when in admin mode[32m 133[2mms[22m[39m
       [32mΓ£ô[39m should persist admin mode using sessionStorage[32m 32[2mms[22m[39m
     [32mΓ£ô[39m should render Copy to Builder button for each quotation[32m 35[2mms[22m[39m
     [32mΓ£ô[39m should show tooltip on Copy to Builder button hover[32m 22[2mms[22m[39m
[31m     [31m├ù[31m should handle copy button click successfully[39m[33m 1056[2mms[22m[39m
     [32mΓ£ô[39m should show loading state during copy operation[32m 42[2mms[22m[39m
     [32mΓ£ô[39m should handle copy operation errors[32m 47[2mms[22m[39m
     [32mΓ£ô[39m should not allow multiple simultaneous copy operations[32m 23[2mms[22m[39m
     [32mΓ£ô[39m should preserve all quotation data during copy[32m 29[2mms[22m[39m
[31m     [31m├ù[31m should navigate to builder with correct copy parameters[39m[33m 1035[2mms[22m[39m

[31mΓÄ»ΓÄ»ΓÄ»ΓÄ»ΓÄ»Γ
Ä»ΓÄ»[39m[1m[41m 
Failed Tests 2 [49m
[22m[31mΓÄ»ΓÄ»ΓÄ»ΓÄ»
ΓÄ»ΓÄ»ΓÄ»[39m

[41m[1m FAIL 
[22m[49m src/pages/
QuotationList.test.js
x[2m > 
[22mQuotationList 
Copy 
Functionality[2m > 
[22mshould handle 
copy button click 
successfully
[31m[1mAssertionErr
or[22m[39m: 
expected "vi.fn()" 
to be called with 
arguments: [ 
'test-id-1' ][90m

Received: 

[1m  1st vi.fn() 
call:

[22m[2m  [[22m
[32m-   
"test-id-1",[90m
[31m+   
"LI-0001",[90m
[2m  ][22m
[39m[90m

Number of calls: 
[1m1[22m
[39m

Ignored nodes: 
comments, script, 
style
[36m<html>[39m
  [36m<head />[39m
  [36m<body>[39m
    [36m<div>[39m
      [36m<div[39m
        [33mstyle[3
9m=[32m"padding: 
40px; max-width: 
1200px; margin: 0px 
auto;"[39m
      [36m>[39m
        
[36m<div[39m
          [33mstyle
[39m=[32m"display: 
flex; 
justify-content: 
space-between; 
align-items: center; 
margin-bottom: 
20px;"[39m
        [36m>[39m
          
[36m<h1[39m
            [33mstyl
e[39m=[32m"color: 
var(--blue);"[39m
          [36m>[39m
            [0mAll 
Saved Quotations[0m
          
[36m</h1>[39m
          
[36m<div>[39m
            
[36m<span[39m
              [33mst
yle[39m=[32m"color:
 var(--blue); 
font-weight: 600; 
margin-right: 
20px;"[39m
            
[36m>[39m
              
[0mClient Mode[0m
            
[36m</span>[39m
            
[36m<button[39m
              [33mcl
ass[39m=[32m"btn-se
condary"[39m
            
[36m>[39m
              
[36m<svg[39m
                [33m
fill[39m=[32m"curre
ntColor"[39m
                [33m
height[39m=[32m"1em
"[39m
                [33m
stroke[39m=[32m"cur
rentColor"[39m
                [33m
stroke-width[39m=[3
2m"0"[39m
                [33m
viewBox[39m=[32m"0 
0 448 512"[39m
                [33m
width[39m=[32m"1em"
[39m
                [33m
xmlns[39m=[32m"http
://www.w3.org/2000/sv
g"[39m
              
[36m>[39m
                
[36m<path[39m
                  [3
3md[39m=[32m"M257.5
 445.1l-22.2 
22.2c-9.4 9.4-24.6 
9.4-33.9 0L7 273c-9.4
-9.4-9.4-24.6 
0-33.9L201.4 
44.7c9.4-9.4 
24.6-9.4 33.9 0l22.2 
22.2c9.5 9.5 9.3 
25-.4 34.3L136.6 
216H424c13.3 0 24 
10.7 24 24v32c0 
13.3-10.7 24-24 
24H136.6l120.5 
114.8c9.8 9.3 10 
24.8.4 34.3z"[39m
                
[36m/>[39m
              
[36m</svg>[39m
              [0m 
Back to Builder[0m
            
[36m</button>[39m
          
[36m</div>[39m
        
[36m</div>[39m
        
[36m<div[39m
          [33mstyle
[39m=[32m"margin-bot
tom: 20px; display: 
flex; align-items: 
center; gap: 
10px;"[39m
        [36m>[39m
          
[36m<div[39m
            [33mstyl
e[39m=[32m"position
: relative; flex: 1 
1 0%; max-width: 
500px;"[39m
          [36m>[39m
            
[36m<svg[39m
              [33mfi
ll[39m=[32m"current
Color"[39m
              [33mhe
ight[39m=[32m"1em"
[39m
              [33mst
roke[39m=[32m"curre
ntColor"[39m
              [33mst
roke-width[39m=[32m
"0"[39m
              [33mst
yle[39m=[32m"color:
 var(--blue); 
position: absolute; 
left: 12px; top: 
50%; transform: 
translateY(-50%); 
font-size: 
16px;"[39m
              [33mvi
ewBox[39m=[32m"0 0 
512 512"[39m
              [33mwi
dth[39m=[32m"1em"[
39m
              [33mxm
lns[39m=[32m"http:/
/www.w3.org/2000/svg"
[39m
            
[36m>[39m
              
[36m<path[39m
                [33m
d[39m=[32m"M505 
442.7L405.3 343c-4.5-
4.5-10.6-7-17-7H372c2
7.6-35.3 44-79.7 
44-128C416 93.1 
322.9 0 208 0S0 93.1 
0 208s93.1 208 208 
208c48.3 0 92.7-16.4 
128-44v16.3c0 6.4 
2.5 12.5 7 17l99.7 
99.7c9.4 9.4 24.6 
9.4 33.9 
0l28.3-28.3c9.4-9.4 
9.4-24.6.1-34zM208 
336c-70.7 
0-128-57.2-128-128 
0-70.7 57.2-128 
128-128 70.7 0 128 
57.2 128 128 0 
70.7-57.2 128-128 
128z"[39m
              
[36m/>[39m
            
[36m</svg>[39m
            
[36m<input[39m
              [33mpl
aceholder[39m=[32m"
Search by quotation 
no, client, project, 
or location..."[39m
              [33mst
yle[39m=[32m"width:
 100%; padding: 12px 
12px 12px 40px; 
border: 2px solid 
var(--bd); 
border-radius: 8px; 
font-size: 14px; 
outline: none; 
transition: 
border-color 
0.2s;"[39m
              [33mty
pe[39m=[32m"text"[
39m
              [33mva
lue[39m=[32m""[39m
            
[36m/>[39m
          
[36m</div>[39m
        
[36m</div>[39m
        
[36m<table[39m
          [33mstyle
[39m=[32m"width: 
100%; 
border-collapse: 
collapse; 
background: white; 
border-radius: 8px; 
overflow: 
hidden;"[39m
        [36m>[39m
          
[36m<thead>[39m
            
[36m<tr[39m
              [33mst
yle[39m=[32m"backgr
ound: var(--blue); 
color: white;"[39m
            
[36m>[39m
              
[36m<th[39m
                [33m
style[39m=[32m"padd
ing: 12px; 
text-align: 
left;"[39m
              
[36m>[39m
                
[0m#[0m
              
[36m</th>[39m
              
[36m<th[39m
                [33m
style[39m=[32m"padd
ing: 12px; 
text-align: 
left;"[39m
              
[36m>[39m
                
[0mQuotation No.[0m
              
[36m</th>[39m
              
[36m<th[39m
                [33m
style[39m=[32m"padd
ing: 12px; 
text-align: 
left;"[39m
              
[36m>[39m
                
[0mClient[0m
              
[36m</th>[39m
              
[36m<th[39m
                [33m
style[39m=[32m"padd
ing: 12px; 
text-align: 
left;"[39m
              
[36m>[39m
                
[0mProject[0m
              
[36m</th>[39m
              
[36m<th[39m
                [33m
style[39m=[32m"padd
ing: 12px; 
text-align: 
left;"[39m
              
[36m>[39m
                
[0mDate[0m
              
[36m</th>[39m
              
[36m<th[39m
                [33m
style[39m=[32m"padd
ing: 12px; 
text-align: 
left;"[39m
              
[36m>[39m
                
[0mAge[0m
              
[36m</th>[39m
              
[36m<th[39m
                [33m
style[39m=[32m"padd
ing: 12px; 
text-align: 
left;"[39m
              
[36m>[39m
                
[0mActions[0m
              
[36m</th>[39m
            
[36m</tr>[39m
          
[36m</thead>[39m
          
[36m<tbody>[39m
            
[36m<tr[39m
              [33mst
yle[39m=[32m"border
-bottom: 1px solid 
var(--bd);"[39m
            
[36m>[39m
              
[36m<td[39m
                [33m
style[39m=[32m"padd
ing: 12px;"[39m
              
[36m>[39m
                
[0m1[0m
              
[36m</td>[39m
              
[36m<td[39m
                [33m
style[39m=[32m"padd
ing: 12px;"[39m
              
[36m>[39m
                
[0mLI-0001[0m
              
[36m</td>[39m
              
[36m<td[39m
                [33m
style[39m=[32m"padd
ing: 12px;"[39m
              
[36m>[39m
                
[0mTest Client 1[0m
              
[36m</td>[39m
              
[36m<td[39m
                [33m
style[39m=[32m"padd
ing: 12px;"[39m
              
[36m>[39m
                
[0mTest Project 
1[0m
              
[36m</td>[39m
              
[36m<td[39m
                [33m
style[39m=[32m"padd
ing: 12px;"[39m
              
[36m>[39m
                
[0m2024-01-15[0m
              
[36m</td>[39m
              
[36m<td[39m
                [33m
style[39m=[32m"padd
ing: 12px;"[39m
              
[36m>[39m
                
[36m<span[39m
                  [3
3mstyle[39m=[32m"di
splay: flex; 
align-items: center; 
gap: 5px; color: 
var(--blue);"[39m
                
[36m>[39m
                  
[36m<svg[39m
                    
[33mfill[39m=[32m"c
urrentColor"[39m
                    
[33mheight[39m=[32m
"1em"[39m
                    
[33mstroke[39m=[32m
"currentColor"[39m
                    
[33mstroke-width...
[36m [2mΓ¥»[22m sr
c/pages/QuotationList
.test.jsx:[2m609:56
[22m[39m
    [90m607| [39m  
  [35mawait[39m 
[34mwaitFor[39m(() 
[33m=>[39m {
    [90m608| [39m  
    expect(copyQuotat
ionService.copyQuotat
ionToBuilder).toHaveB
eenCaΓÇª
    [90m609| [39m  
    expect(copyQuotat
ionService.createCopy
UrlParams).toHaveBeen
CalleΓÇª
    [90m   | [39m  
                     
                     
           
[31m^[39m
    [90m610| [39m  
    expect(mockSessio
nStorage.setItem).toH
aveBeenCalledWith('co
piedQΓÇª
    [90m611| [39m  
    expect(global.ale
rt).toHaveBeenCalledW
ith('Quotation 
LI-0001 copΓÇª
[90m [2mΓ¥»[22m ru
nWithExpensiveErrorDi
agnosticsDisabled nod
e_modules/@testing-li
brary/dom/dist/config
.js:[2m47:12[22m[3
9m
[90m [2mΓ¥»[22m 
checkCallback node_mo
dules/@testing-librar
y/dom/dist/wait-for.j
s:[2m124:77[22m[39
m
[90m [2mΓ¥»[22m Ti
meout.checkRealTimers
Callback node_modules
/@testing-library/dom
/dist/wait-for.js:[2
m118:16[22m[39m

[31m[2mΓÄ»ΓÄ»ΓÄ»ΓÄ»
ΓÄ»ΓÄ»ΓÄ»ΓÄ»ΓÄ»ΓÄ»ΓÄ»
ΓÄ»ΓÄ»ΓÄ»ΓÄ»ΓÄ»ΓÄ»ΓÄ»
ΓÄ»ΓÄ»ΓÄ»ΓÄ»ΓÄ»ΓÄ»[1/
2]ΓÄ»[22m[39m

[41m[1m FAIL 
[22m[49m src/pages/
QuotationList.test.js
x[2m > 
[22mQuotationList 
Copy 
Functionality[2m > 
[22mshould navigate 
to builder with 
correct copy 
parameters
[31m[1mAssertionErr
or[22m[39m: 
expected "vi.fn()" 
to be called with 
arguments: [ 
'test-id-1' ][90m

Received: 

[1m  1st vi.fn() 
call:

[22m[2m  [[22m
[32m-   
"test-id-1",[90m
[31m+   
"LI-0001",[90m
[2m  ][22m
[39m[90m

Number of calls: 
[1m1[22m
[39m

Ignored nodes: 
comments, script, 
style
[36m<html>[39m
  [36m<head />[39m
  [36m<body>[39m
    [36m<div>[39m
      [36m<div[39m
        [33mstyle[3
9m=[32m"padding: 
40px; max-width: 
1200px; margin: 0px 
auto;"[39m
      [36m>[39m
        
[36m<div[39m
          [33mstyle
[39m=[32m"display: 
flex; 
justify-content: 
space-between; 
align-items: center; 
margin-bottom: 
20px;"[39m
        [36m>[39m
          
[36m<h1[39m
            [33mstyl
e[39m=[32m"color: 
var(--blue);"[39m
          [36m>[39m
            [0mAll 
Saved Quotations[0m
          
[36m</h1>[39m
          
[36m<div>[39m
            
[36m<span[39m
              [33mst
yle[39m=[32m"color:
 var(--blue); 
font-weight: 600; 
margin-right: 
20px;"[39m
            
[36m>[39m
              
[0mClient Mode[0m
            
[36m</span>[39m
            
[36m<button[39m
              [33mcl
ass[39m=[32m"btn-se
condary"[39m
            
[36m>[39m
              
[36m<svg[39m
                [33m
fill[39m=[32m"curre
ntColor"[39m
                [33m
height[39m=[32m"1em
"[39m
                [33m
stroke[39m=[32m"cur
rentColor"[39m
                [33m
stroke-width[39m=[3
2m"0"[39m
                [33m
viewBox[39m=[32m"0 
0 448 512"[39m
                [33m
width[39m=[32m"1em"
[39m
                [33m
xmlns[39m=[32m"http
://www.w3.org/2000/sv
g"[39m
              
[36m>[39m
                
[36m<path[39m
                  [3
3md[39m=[32m"M257.5
 445.1l-22.2 
22.2c-9.4 9.4-24.6 
9.4-33.9 0L7 273c-9.4
-9.4-9.4-24.6 
0-33.9L201.4 
44.7c9.4-9.4 
24.6-9.4 33.9 0l22.2 
22.2c9.5 9.5 9.3 
25-.4 34.3L136.6 
216H424c13.3 0 24 
10.7 24 24v32c0 
13.3-10.7 24-24 
24H136.6l120.5 
114.8c9.8 9.3 10 
24.8.4 34.3z"[39m
                
[36m/>[39m
              
[36m</svg>[39m
              [0m 
Back to Builder[0m
            
[36m</button>[39m
          
[36m</div>[39m
        
[36m</div>[39m
        
[36m<div[39m
          [33mstyle
[39m=[32m"margin-bot
tom: 20px; display: 
flex; align-items: 
center; gap: 
10px;"[39m
        [36m>[39m
          
[36m<div[39m
            [33mstyl
e[39m=[32m"position
: relative; flex: 1 
1 0%; max-width: 
500px;"[39m
          [36m>[39m
            
[36m<svg[39m
              [33mfi
ll[39m=[32m"current
Color"[39m
              [33mhe
ight[39m=[32m"1em"
[39m
              [33mst
roke[39m=[32m"curre
ntColor"[39m
              [33mst
roke-width[39m=[32m
"0"[39m
              [33mst
yle[39m=[32m"color:
 var(--blue); 
position: absolute; 
left: 12px; top: 
50%; transform: 
translateY(-50%); 
font-size: 
16px;"[39m
              [33mvi
ewBox[39m=[32m"0 0 
512 512"[39m
              [33mwi
dth[39m=[32m"1em"[
39m
              [33mxm
lns[39m=[32m"http:/
/www.w3.org/2000/svg"
[39m
            
[36m>[39m
              
[36m<path[39m
                [33m
d[39m=[32m"M505 
442.7L405.3 343c-4.5-
4.5-10.6-7-17-7H372c2
7.6-35.3 44-79.7 
44-128C416 93.1 
322.9 0 208 0S0 93.1 
0 208s93.1 208 208 
208c48.3 0 92.7-16.4 
128-44v16.3c0 6.4 
2.5 12.5 7 17l99.7 
99.7c9.4 9.4 24.6 
9.4 33.9 
0l28.3-28.3c9.4-9.4 
9.4-24.6.1-34zM208 
336c-70.7 
0-128-57.2-128-128 
0-70.7 57.2-128 
128-128 70.7 0 128 
57.2 128 128 0 
70.7-57.2 128-128 
128z"[39m
              
[36m/>[39m
            
[36m</svg>[39m
            
[36m<input[39m
              [33mpl
aceholder[39m=[32m"
Search by quotation 
no, client, project, 
or location..."[39m
              [33mst
yle[39m=[32m"width:
 100%; padding: 12px 
12px 12px 40px; 
border: 2px solid 
var(--bd); 
border-radius: 8px; 
font-size: 14px; 
outline: none; 
transition: 
border-color 
0.2s;"[39m
              [33mty
pe[39m=[32m"text"[
39m
              [33mva
lue[39m=[32m""[39m
            
[36m/>[39m
          
[36m</div>[39m
        
[36m</div>[39m
        
[36m<table[39m
          [33mstyle
[39m=[32m"width: 
100%; 
border-collapse: 
collapse; 
background: white; 
border-radius: 8px; 
overflow: 
hidden;"[39m
        [36m>[39m
          
[36m<thead>[39m
            
[36m<tr[39m
              [33mst
yle[39m=[32m"backgr
ound: var(--blue); 
color: white;"[39m
            
[36m>[39m
              
[36m<th[39m
                [33m
style[39m=[32m"padd
ing: 12px; 
text-align: 
left;"[39m
              
[36m>[39m

[2m Test Files [22m [1m[31m1 failed[39m[22m[90m (1)[39m
[2m      Tests [22m [1m[31m2 failed[39m[22m[2m | [22m[1m[32m28 passed[39m[22m[90m (30)[39m
[2m   Start at [22m 16:59:24
[2m   Duration [22m 6.44s[2m (transform 247ms, setup 219ms, import 540ms, tests 3.91s, environment 1.45s)[22m

                
[0m#[0m
              
[36m</th>[39m
              
[36m<th[39m
                [33m
style[39m=[32m"padd
ing: 12px; 
text-align: 
left;"[39m
              
[36m>[39m
                
[0mQuotation No.[0m
              
[36m</th>[39m
              
[36m<th[39m
                [33m
style[39m=[32m"padd
ing: 12px; 
text-align: 
left;"[39m
              
[36m>[39m
                
[0mClient[0m
              
[36m</th>[39m
              
[36m<th[39m
                [33m
style[39m=[32m"padd
ing: 12px; 
text-align: 
left;"[39m
              
[36m>[39m
                
[0mProject[0m
              
[36m</th>[39m
              
[36m<th[39m
                [33m
style[39m=[32m"padd
ing: 12px; 
text-align: 
left;"[39m
              
[36m>[39m
                
[0mDate[0m
              
[36m</th>[39m
              
[36m<th[39m
                [33m
style[39m=[32m"padd
ing: 12px; 
text-align: 
left;"[39m
              
[36m>[39m
                
[0mAge[0m
              
[36m</th>[39m
              
[36m<th[39m
                [33m
style[39m=[32m"padd
ing: 12px; 
text-align: 
left;"[39m
              
[36m>[39m
                
[0mActions[0m
              
[36m</th>[39m
            
[36m</tr>[39m
          
[36m</thead>[39m
          
[36m<tbody>[39m
            
[36m<tr[39m
              [33mst
yle[39m=[32m"border
-bottom: 1px solid 
var(--bd);"[39m
            
[36m>[39m
              
[36m<td[39m
                [33m
style[39m=[32m"padd
ing: 12px;"[39m
              
[36m>[39m
                
[0m1[0m
              
[36m</td>[39m
              
[36m<td[39m
                [33m
style[39m=[32m"padd
ing: 12px;"[39m
              
[36m>[39m
                
[0mLI-0001[0m
              
[36m</td>[39m
              
[36m<td[39m
                [33m
style[39m=[32m"padd
ing: 12px;"[39m
              
[36m>[39m
                
[0mTest Client 1[0m
              
[36m</td>[39m
              
[36m<td[39m
                [33m
style[39m=[32m"padd
ing: 12px;"[39m
              
[36m>[39m
                
[0mTest Project 
1[0m
              
[36m</td>[39m
              
[36m<td[39m
                [33m
style[39m=[32m"padd
ing: 12px;"[39m
              
[36m>[39m
                
[0m2024-01-15[0m
              
[36m</td>[39m
              
[36m<td[39m
                [33m
style[39m=[32m"padd
ing: 12px;"[39m
              
[36m>[39m
                
[36m<span[39m
                  [3
3mstyle[39m=[32m"di
splay: flex; 
align-items: center; 
gap: 5px; color: 
var(--blue);"[39m
                
[36m>[39m
                  
[36m<svg[39m
                    
[33mfill[39m=[32m"c
urrentColor"[39m
                    
[33mheight[39m=[32m
"1em"[39m
                    
[33mstroke[39m=[32m
"currentColor"[39m
                    
[33mstroke-width...
[36m [2mΓ¥»[22m sr
c/pages/QuotationList
.test.jsx:[2m758:56
[22m[39m
    [90m756| [39m
    [90m757| [39m  
  [35mawait[39m 
[34mwaitFor[39m(() 
[33m=>[39m {
    [90m758| [39m  
    expect(copyQuotat
ionService.createCopy
UrlParams).toHaveBeen
CalleΓÇª
    [90m   | [39m  
                     
                     
           
[31m^[39m
    [90m759| [39m  
    [34mexpect[39m(
mockNavigate)[33m.[
39m[34mtoHaveBeenCal
ledWith[39m([32m'/?
copy=test-id-1'[39m)
    [90m760| [39m  
  })
[90m [2mΓ¥»[22m ru
nWithExpensiveErrorDi
agnosticsDisabled nod
e_modules/@testing-li
brary/dom/dist/config
.js:[2m47:12[22m[3
9m
[90m [2mΓ¥»[22m 
checkCallback node_mo
dules/@testing-librar
y/dom/dist/wait-for.j
s:[2m124:77[22m[39
m
[90m [2mΓ¥»[22m Ti
meout.checkRealTimers
Callback node_modules
/@testing-library/dom
/dist/wait-for.js:[2
m118:16[22m[39m

[31m[2mΓÄ»ΓÄ»ΓÄ»ΓÄ»
ΓÄ»ΓÄ»ΓÄ»ΓÄ»ΓÄ»ΓÄ»ΓÄ»
ΓÄ»ΓÄ»ΓÄ»ΓÄ»ΓÄ»ΓÄ»ΓÄ»
ΓÄ»ΓÄ»ΓÄ»ΓÄ»ΓÄ»ΓÄ»[2/
2]ΓÄ»[22m[39m

